Archive member included because of file (symbol)

c:/program files (x86)/gnu tools arm embedded/4.9 2014q4/bin/../lib/gcc/arm-none-eabi/4.9.3/../../../../arm-none-eabi/lib/armv6-m\libc_nano.a(lib_a-exit.o)
                              c:/program files (x86)/gnu tools arm embedded/4.9 2014q4/bin/../lib/gcc/arm-none-eabi/4.9.3/../../../../arm-none-eabi/lib/armv6-m/crt0.o (exit)
c:/program files (x86)/gnu tools arm embedded/4.9 2014q4/bin/../lib/gcc/arm-none-eabi/4.9.3/../../../../arm-none-eabi/lib/armv6-m\libc_nano.a(lib_a-impure.o)
                              c:/program files (x86)/gnu tools arm embedded/4.9 2014q4/bin/../lib/gcc/arm-none-eabi/4.9.3/../../../../arm-none-eabi/lib/armv6-m\libc_nano.a(lib_a-exit.o) (_global_impure_ptr)
c:/program files (x86)/gnu tools arm embedded/4.9 2014q4/bin/../lib/gcc/arm-none-eabi/4.9.3/../../../../arm-none-eabi/lib/armv6-m\libc_nano.a(lib_a-init.o)
                              c:/program files (x86)/gnu tools arm embedded/4.9 2014q4/bin/../lib/gcc/arm-none-eabi/4.9.3/../../../../arm-none-eabi/lib/armv6-m/crt0.o (__libc_init_array)
c:/program files (x86)/gnu tools arm embedded/4.9 2014q4/bin/../lib/gcc/arm-none-eabi/4.9.3/../../../../arm-none-eabi/lib/armv6-m\libc_nano.a(lib_a-memset.o)
                              c:/program files (x86)/gnu tools arm embedded/4.9 2014q4/bin/../lib/gcc/arm-none-eabi/4.9.3/../../../../arm-none-eabi/lib/armv6-m/crt0.o (memset)
c:/program files (x86)/gnu tools arm embedded/4.9 2014q4/bin/../lib/gcc/arm-none-eabi/4.9.3/../../../../arm-none-eabi/lib/armv6-m\libnosys.a(_exit.o)
                              c:/program files (x86)/gnu tools arm embedded/4.9 2014q4/bin/../lib/gcc/arm-none-eabi/4.9.3/../../../../arm-none-eabi/lib/armv6-m\libc_nano.a(lib_a-exit.o) (_exit)
c:/program files (x86)/gnu tools arm embedded/4.9 2014q4/bin/../lib/gcc/arm-none-eabi/4.9.3/armv6-m\libgcc.a(_udivsi3.o)
                              _build/pstorage.o (__aeabi_uidiv)
c:/program files (x86)/gnu tools arm embedded/4.9 2014q4/bin/../lib/gcc/arm-none-eabi/4.9.3/armv6-m\libgcc.a(_dvmd_tls.o)
                              c:/program files (x86)/gnu tools arm embedded/4.9 2014q4/bin/../lib/gcc/arm-none-eabi/4.9.3/armv6-m\libgcc.a(_udivsi3.o) (__aeabi_idiv0)
c:/program files (x86)/gnu tools arm embedded/4.9 2014q4/bin/../lib/gcc/arm-none-eabi/4.9.3/../../../../arm-none-eabi/lib/armv6-m\libc_nano.a(lib_a-memcmp.o)
                              _build/device_manager_peripheral.o (memcmp)
c:/program files (x86)/gnu tools arm embedded/4.9 2014q4/bin/../lib/gcc/arm-none-eabi/4.9.3/../../../../arm-none-eabi/lib/armv6-m\libc_nano.a(lib_a-memcpy.o)
                              _build/pstorage.o (memcpy)
c:/program files (x86)/gnu tools arm embedded/4.9 2014q4/bin/../lib/gcc/arm-none-eabi/4.9.3/../../../../arm-none-eabi/lib/armv6-m\libc_nano.a(lib_a-memmove.o)
                              _build/ble_hrs.o (memmove)
c:/program files (x86)/gnu tools arm embedded/4.9 2014q4/bin/../lib/gcc/arm-none-eabi/4.9.3/../../../../arm-none-eabi/lib/armv6-m\libc_nano.a(lib_a-strlen.o)
                              _build/ble_srv_common.o (strlen)

Allocating common symbols
Common symbol       size              file

__stdin             0x68              _build/retarget.o
__stdout            0x68              _build/retarget.o

Discarded input sections

 .text          0x00000000        0x0 c:/program files (x86)/gnu tools arm embedded/4.9 2014q4/bin/../lib/gcc/arm-none-eabi/4.9.3/armv6-m/crti.o
 .data          0x00000000        0x0 c:/program files (x86)/gnu tools arm embedded/4.9 2014q4/bin/../lib/gcc/arm-none-eabi/4.9.3/armv6-m/crti.o
 .bss           0x00000000        0x0 c:/program files (x86)/gnu tools arm embedded/4.9 2014q4/bin/../lib/gcc/arm-none-eabi/4.9.3/armv6-m/crti.o
 .text          0x00000000       0x60 c:/program files (x86)/gnu tools arm embedded/4.9 2014q4/bin/../lib/gcc/arm-none-eabi/4.9.3/armv6-m/crtbegin.o
 .data          0x00000000        0x4 c:/program files (x86)/gnu tools arm embedded/4.9 2014q4/bin/../lib/gcc/arm-none-eabi/4.9.3/armv6-m/crtbegin.o
 .bss           0x00000000       0x1c c:/program files (x86)/gnu tools arm embedded/4.9 2014q4/bin/../lib/gcc/arm-none-eabi/4.9.3/armv6-m/crtbegin.o
 .init_array    0x00000000        0x4 c:/program files (x86)/gnu tools arm embedded/4.9 2014q4/bin/../lib/gcc/arm-none-eabi/4.9.3/armv6-m/crtbegin.o
 .fini_array    0x00000000        0x4 c:/program files (x86)/gnu tools arm embedded/4.9 2014q4/bin/../lib/gcc/arm-none-eabi/4.9.3/armv6-m/crtbegin.o
 .eh_frame      0x00000000        0x0 c:/program files (x86)/gnu tools arm embedded/4.9 2014q4/bin/../lib/gcc/arm-none-eabi/4.9.3/armv6-m/crtbegin.o
 .jcr           0x00000000        0x0 c:/program files (x86)/gnu tools arm embedded/4.9 2014q4/bin/../lib/gcc/arm-none-eabi/4.9.3/armv6-m/crtbegin.o
 .ARM.attributes
                0x00000000       0x2c c:/program files (x86)/gnu tools arm embedded/4.9 2014q4/bin/../lib/gcc/arm-none-eabi/4.9.3/armv6-m/crtbegin.o
[...]
Memory Configuration

Name             Origin             Length             Attributes
FLASH            0x00018000         0x00028000         xr
RAM              0x20002000         0x00006000         xrw
*default*        0x00000000         0xffffffff

Linker script and memory map

LOAD c:/program files (x86)/gnu tools arm embedded/4.9 2014q4/bin/../lib/gcc/arm-none-eabi/4.9.3/armv6-m/crti.o
LOAD c:/program files (x86)/gnu tools arm embedded/4.9 2014q4/bin/../lib/gcc/arm-none-eabi/4.9.3/armv6-m/crtbegin.o
LOAD c:/program files (x86)/gnu tools arm embedded/4.9 2014q4/bin/../lib/gcc/arm-none-eabi/4.9.3/../../../../arm-none-eabi/lib/armv6-m/crt0.o
LOAD c:/program files (x86)/gnu tools arm embedded/4.9 2014q4/bin/../lib/gcc/arm-none-eabi/4.9.3/../../../../arm-none-eabi/lib/armv6-m\libc_nano.a
LOAD c:/program files (x86)/gnu tools arm embedded/4.9 2014q4/bin/../lib/gcc/arm-none-eabi/4.9.3/../../../../arm-none-eabi/lib/armv6-m\libnosys.a
LOAD _build/app_button.o
LOAD _build/app_error.o
LOAD _build/app_fifo.o
LOAD _build/app_gpiote.o
LOAD _build/app_timer.o
LOAD _build/app_trace.o
LOAD _build/nrf_assert.o
LOAD _build/retarget.o
LOAD _build/sensorsim.o
LOAD _build/app_uart_fifo.o
LOAD _build/nrf_delay.o
LOAD _build/pstorage.o
LOAD _build/bsp.o
LOAD _build/main.o
LOAD _build/ble_advdata.o
LOAD _build/ble_advertising.o
LOAD _build/ble_bas.o
LOAD _build/ble_conn_params.o
LOAD _build/ble_dis.o
LOAD _build/ble_hrs.o
LOAD _build/ble_srv_common.o
LOAD _build/device_manager_peripheral.o
LOAD _build/system_nrf51.o
LOAD _build/softdevice_handler.o
LOAD _build/gcc_startup_nrf51.o
START GROUP
LOAD c:/program files (x86)/gnu tools arm embedded/4.9 2014q4/bin/../lib/gcc/arm-none-eabi/4.9.3/armv6-m\libgcc.a
LOAD c:/program files (x86)/gnu tools arm embedded/4.9 2014q4/bin/../lib/gcc/arm-none-eabi/4.9.3/../../../../arm-none-eabi/lib/armv6-m\libc_nano.a
END GROUP
START GROUP
LOAD c:/program files (x86)/gnu tools arm embedded/4.9 2014q4/bin/../lib/gcc/arm-none-eabi/4.9.3/armv6-m\libgcc.a
LOAD c:/program files (x86)/gnu tools arm embedded/4.9 2014q4/bin/../lib/gcc/arm-none-eabi/4.9.3/../../../../arm-none-eabi/lib/armv6-m\libc_nano.a
END GROUP
LOAD c:/program files (x86)/gnu tools arm embedded/4.9 2014q4/bin/../lib/gcc/arm-none-eabi/4.9.3/armv6-m/crtend.o
LOAD c:/program files (x86)/gnu tools arm embedded/4.9 2014q4/bin/../lib/gcc/arm-none-eabi/4.9.3/armv6-m/crtn.o
START GROUP
LOAD c:/program files (x86)/gnu tools arm embedded/4.9 2014q4/bin/../lib/gcc/arm-none-eabi/4.9.3/armv6-m\libgcc.a
LOAD c:/program files (x86)/gnu tools arm embedded/4.9 2014q4/bin/../lib/gcc/arm-none-eabi/4.9.3/../../../../arm-none-eabi/lib/armv6-m\libc.a
LOAD c:/program files (x86)/gnu tools arm embedded/4.9 2014q4/bin/../lib/gcc/arm-none-eabi/4.9.3/../../../../arm-none-eabi/lib/armv6-m\libnosys.a
END GROUP

.text           0x00018000     0x9884
 *(.Vectors)
 .Vectors       0x00018000       0xc0 _build/gcc_startup_nrf51.o
                0x00018000                __Vectors
 *(.text*)
 .text          0x000180c0       0x78 c:/program files (x86)/gnu tools arm embedded/4.9 2014q4/bin/../lib/gcc/arm-none-eabi/4.9.3/../../../../arm-none-eabi/lib/armv6-m/crt0.o
                0x000180c0                _start
                0x000180c0                _mainCRTStartup
 .text.exit     0x00018138       0x2c c:/program files (x86)/gnu tools arm embedded/4.9 2014q4/bin/../lib/gcc/arm-none-eabi/4.9.3/../../../../arm-none-eabi/lib/armv6-m\libc_nano.a(lib_a-exit.o)
                0x00018138                exit
 .text.__libc_init_array
                0x00018164       0x4c c:/program files (x86)/gnu tools arm embedded/4.9 2014q4/bin/../lib/gcc/arm-none-eabi/4.9.3/../../../../arm-none-eabi/lib/armv6-m\libc_nano.a(lib_a-init.o)
                0x00018164                __libc_init_array
 .text.memset   0x000181b0       0x10 c:/program files (x86)/gnu tools arm embedded/4.9 2014q4/bin/../lib/gcc/arm-none-eabi/4.9.3/../../../../arm-none-eabi/lib/armv6-m\libc_nano.a(lib_a-memset.o)
                0x000181b0                memset
 .text._exit    0x000181c0        0x4 c:/program files (x86)/gnu tools arm embedded/4.9 2014q4/bin/../lib/gcc/arm-none-eabi/4.9.3/../../../../arm-none-eabi/lib/armv6-m\libnosys.a(_exit.o)
                0x000181c0                _exit
 .text.nrf_gpio_cfg_input
                0x000181c4       0x2c _build/app_button.o
 .text.button_handler_execute
                0x000181f0       0x3c _build/app_button.o
 .text.detection_delay_timeout_handler
                0x0001822c       0xe0 _build/app_button.o
 .text.gpiote_event_handler
                0x0001830c       0x58 _build/app_button.o
 .text.app_button_init
                0x00018364       0xcc _build/app_button.o
                0x00018364                app_button_init
 .text.app_button_enable
                0x00018430       0x2c _build/app_button.o
                0x00018430                app_button_enable
 .text.NVIC_SystemReset
                0x0001845c       0x1c _build/app_error.o
 .text.app_error_handler
                0x00018478       0x18 _build/app_error.o
                0x00018478                app_error_handler
 .text.fifo_length
                0x00018490       0x20 _build/app_fifo.o
 .text.app_fifo_put
                0x000184b0       0x50 _build/app_fifo.o
                0x000184b0                app_fifo_put
 .text.app_fifo_get
                0x00018500       0x44 _build/app_fifo.o
                0x00018500                app_fifo_get
 .text.NVIC_EnableIRQ
                0x00018544       0x2c _build/app_gpiote.o
 .text.NVIC_ClearPendingIRQ
                0x00018570       0x30 _build/app_gpiote.o
 .text.NVIC_SetPriority
                0x000185a0       0xd4 _build/app_gpiote.o
 .text.is_word_aligned
                0x00018674       0x1c _build/app_gpiote.o
 .text.sense_level_toggle
                0x00018690       0xac _build/app_gpiote.o
 .text.GPIOTE_IRQHandler
                0x0001873c      0x148 _build/app_gpiote.o
                0x0001873c                GPIOTE_IRQHandler
 .text.pins_sense_disable
                0x00018884       0x88 _build/app_gpiote.o
 .text.app_gpiote_init
                0x0001890c       0xa8 _build/app_gpiote.o
                0x0001890c                app_gpiote_init
 .text.app_gpiote_user_register
                0x000189b4       0xc8 _build/app_gpiote.o
                0x000189b4                app_gpiote_user_register
 .text.app_gpiote_user_enable
                0x00018a7c      0x154 _build/app_gpiote.o
                0x00018a7c                app_gpiote_user_enable
 .text.app_gpiote_pins_state_get
                0x00018bd0       0x64 _build/app_gpiote.o
                0x00018bd0                app_gpiote_pins_state_get
 .text.is_word_aligned
                0x00018c34       0x1c _build/app_timer.o
 .text.NVIC_EnableIRQ
                0x00018c50       0x2c _build/app_timer.o
 .text.NVIC_DisableIRQ
                0x00018c7c       0x30 _build/app_timer.o
 .text.NVIC_SetPendingIRQ
                0x00018cac       0x30 _build/app_timer.o
 .text.NVIC_ClearPendingIRQ
                0x00018cdc       0x30 _build/app_timer.o
 .text.NVIC_SetPriority
                0x00018d0c       0xd4 _build/app_timer.o
 .text.NVIC_GetPriority
                0x00018de0       0x78 _build/app_timer.o
 .text.current_int_priority_get
                0x00018e58       0x3c _build/app_timer.o
 .text.rtc1_init
                0x00018e94       0x24 _build/app_timer.o
 .text.rtc1_start
                0x00018eb8       0x68 _build/app_timer.o
 .text.rtc1_stop
                0x00018f20       0x98 _build/app_timer.o
 .text.rtc1_counter_get
                0x00018fb8       0x18 _build/app_timer.o
 .text.ticks_diff_get
                0x00018fd0       0x1c _build/app_timer.o
 .text.rtc1_compare0_set
                0x00018fec       0x1c _build/app_timer.o
 .text.timer_list_insert
                0x00019008      0x144 _build/app_timer.o
 .text.timer_list_remove
                0x0001914c      0x114 _build/app_timer.o
 .text.timer_timeouts_check_sched
                0x00019260       0x10 _build/app_timer.o
 .text.timer_list_handler_sched
                0x00019270       0x10 _build/app_timer.o
 .text.timeout_handler_exec
                0x00019280       0x58 _build/app_timer.o
 .text.timer_timeouts_check
                0x000192d8       0xcc _build/app_timer.o
 .text.elapsed_ticks_acquire
                0x000193a4       0x7c _build/app_timer.o
 .text.list_deletions_handler
                0x00019420      0x120 _build/app_timer.o
 .text.expired_timers_handler
                0x00019540       0xb0 _build/app_timer.o
 .text.list_insertions_handler
                0x000195f0      0x1c0 _build/app_timer.o
 .text.compare_reg_update
                0x000197b0       0xc4 _build/app_timer.o
 .text.timer_list_handler
                0x00019874       0x94 _build/app_timer.o
 .text.user_op_enque
                0x00019908       0x18 _build/app_timer.o
 .text.user_op_alloc
                0x00019920       0x58 _build/app_timer.o
 .text.timer_start_op_schedule
                0x00019978       0x80 _build/app_timer.o
 .text.timer_stop_op_schedule
                0x000199f8       0x60 _build/app_timer.o
 .text.RTC1_IRQHandler
                0x00019a58       0x4c _build/app_timer.o
                0x00019a58                RTC1_IRQHandler
 .text.SWI0_IRQHandler
                0x00019aa4        0xc _build/app_timer.o
                0x00019aa4                SWI0_IRQHandler
 .text.app_timer_init
                0x00019ab0      0x17c _build/app_timer.o
                0x00019ab0                app_timer_init
 .text.app_timer_create
                0x00019c2c       0xbc _build/app_timer.o
                0x00019c2c                app_timer_create
 .text.user_id_get
                0x00019ce8       0x34 _build/app_timer.o
 .text.app_timer_start
                0x00019d1c       0x8c _build/app_timer.o
                0x00019d1c                app_timer_start
 .text.app_timer_stop
                0x00019da8       0x60 _build/app_timer.o
                0x00019da8                app_timer_stop
 .text.sensorsim_init
                0x00019e08       0x38 _build/sensorsim.o
                0x00019e08                sensorsim_init
 .text.sensorsim_measure
                0x00019e40       0x80 _build/sensorsim.o
                0x00019e40                sensorsim_measure
 .text.fifo_length
                0x00019ec0       0x20 _build/app_uart_fifo.o
 .text.action_uart_deactivate
                0x00019ee0       0x2c _build/app_uart_fifo.o
 .text.action_tx_stop
                0x00019f0c       0x34 _build/app_uart_fifo.o
                0x00019f0c                action_tx_stop
 .text.action_tx_send
                0x00019f40       0x68 _build/app_uart_fifo.o
 .text.action_tx_ready
                0x00019fa8       0x24 _build/app_uart_fifo.o
 .text.on_cts_high
                0x00019fcc       0x2c _build/app_uart_fifo.o
 .text.on_cts_low
                0x00019ff8       0x58 _build/app_uart_fifo.o
 .text.on_tx_ready
                0x0001a050       0x30 _build/app_uart_fifo.o
 .text.on_uart_put
                0x0001a080       0x1c _build/app_uart_fifo.o
 .text.on_uart_close
                0x0001a09c        0xc _build/app_uart_fifo.o
 .text.on_uart_event
                0x0001a0a8       0x48 _build/app_uart_fifo.o
 .text.UART0_IRQHandler
                0x0001a0f0       0xe8 _build/app_uart_fifo.o
                0x0001a0f0                UART0_IRQHandler
 .text.pstorage_flash_page_size
                0x0001a1d8       0x14 _build/pstorage.o
 .text.pstorage_flash_page_end
                0x0001a1ec       0x38 _build/pstorage.o
 .text.sd_flash_write
                0x0001a224        0x8 _build/pstorage.o
 .text.sd_flash_page_erase
                0x0001a22c        0x8 _build/pstorage.o
 .text.is_word_aligned
                0x0001a234       0x1c _build/pstorage.o
 .text.cmd_queue_element_init
                0x0001a250       0x84 _build/pstorage.o
 .text.cmd_queue_init
                0x0001a2d4       0x50 _build/pstorage.o
 .text.cmd_queue_enqueue
                0x0001a324      0x134 _build/pstorage.o
 .text.cmd_queue_dequeue
                0x0001a458       0x48 _build/pstorage.o
 .text.app_notify
                0x0001a4a0       0x50 _build/pstorage.o
 .text.pstorage_sys_event_handler
                0x0001a4f0      0x284 _build/pstorage.o
                0x0001a4f0                pstorage_sys_event_handler
 .text.swap_state_process
                0x0001a774      0x240 _build/pstorage.o
 .text.cmd_process
                0x0001a9b4      0x208 _build/pstorage.o
 .text.pstorage_init
                0x0001abbc       0xdc _build/pstorage.o
                0x0001abbc                pstorage_init
 .text.pstorage_register
                0x0001ac98      0x1d4 _build/pstorage.o
                0x0001ac98                pstorage_register
 .text.pstorage_block_identifier_get
                0x0001ae6c       0xe0 _build/pstorage.o
                0x0001ae6c                pstorage_block_identifier_get
 .text.pstorage_store
                0x0001af4c      0x148 _build/pstorage.o
                0x0001af4c                pstorage_store
 .text.pstorage_update
                0x0001b094      0x148 _build/pstorage.o
                0x0001b094                pstorage_update
 .text.pstorage_load
                0x0001b1dc      0x16c _build/pstorage.o
                0x0001b1dc                pstorage_load
 .text.pstorage_clear
                0x0001b348       0xf8 _build/pstorage.o
                0x0001b348                pstorage_clear
 .text.pstorage_access_status_get
                0x0001b440       0x40 _build/pstorage.o
                0x0001b440                pstorage_access_status_get
 .text.bsp_button_is_pressed
                0x0001b480       0x54 _build/bsp.o
                0x0001b480                bsp_button_is_pressed
 .text.bsp_button_event_handler
                0x0001b4d4       0x8c _build/bsp.o
 .text.bsp_led_indication
                0x0001b560      0x6b8 _build/bsp.o
 .text.leds_timer_handler
                0x0001bc18       0x2c _build/bsp.o
 .text.alert_timer_handler
                0x0001bc44       0x44 _build/bsp.o
 .text.bsp_indication_set
                0x0001bc88       0x38 _build/bsp.o
                0x0001bc88                bsp_indication_set
 .text.bsp_init
                0x0001bcc0      0x10c _build/bsp.o
                0x0001bcc0                bsp_init
 .text.bsp_event_to_button_assign
                0x0001bdcc       0x38 _build/bsp.o
                0x0001bdcc                bsp_event_to_button_assign
 .text.bsp_buttons_enable
                0x0001be04       0xc8 _build/bsp.o
                0x0001be04                bsp_buttons_enable
 .text.sd_ble_gap_disconnect
                0x0001becc        0x8 _build/main.o
 .text.sd_ble_gap_appearance_set
                0x0001bed4        0x8 _build/main.o
 .text.sd_ble_gap_ppcp_set
                0x0001bedc        0x8 _build/main.o
 .text.sd_ble_gap_device_name_set
                0x0001bee4        0x8 _build/main.o
 .text.sd_ble_enable
                0x0001beec        0x8 _build/main.o
 .text.sd_power_system_off
                0x0001bef4        0x8 _build/main.o
 .text.sd_app_evt_wait
                0x0001befc        0x8 _build/main.o
 .text.assert_nrf_callback
                0x0001bf04       0x2c _build/main.o
                0x0001bf04                assert_nrf_callback
 .text.battery_level_update
                0x0001bf30       0x6c _build/main.o
 .text.battery_level_meas_timeout_handler
                0x0001bf9c       0x14 _build/main.o
 .text.heart_rate_meas_timeout_handler
                0x0001bfb0       0x9c _build/main.o
 .text.rr_interval_timeout_handler
                0x0001c04c       0x4c _build/main.o
 .text.sensor_contact_detected_timeout_handler
                0x0001c098       0x40 _build/main.o
 .text.timers_init
                0x0001c0d8       0xfc _build/main.o
 .text.gap_params_init
                0x0001c1d4       0xd8 _build/main.o
 .text.services_init
                0x0001c2ac      0x25c _build/main.o
 .text.sensor_simulator_init
                0x0001c508       0x90 _build/main.o
 .text.application_timers_start
                0x0001c598       0xd0 _build/main.o
 .text.on_conn_params_evt
                0x0001c668       0x40 _build/main.o
 .text.conn_params_error_handler
                0x0001c6a8       0x1c _build/main.o
 .text.conn_params_init
                0x0001c6c4       0x7c _build/main.o
 .text.on_adv_evt
                0x0001c740       0xa8 _build/main.o
 .text.on_ble_evt
                0x0001c7e8       0x54 _build/main.o
 .text.ble_evt_dispatch
                0x0001c83c       0x50 _build/main.o
 .text.sys_evt_dispatch
                0x0001c88c       0x20 _build/main.o
 .text.ble_stack_init
                0x0001c8ac       0xbc _build/main.o
 .text.device_manager_evt_handler
                0x0001c968       0x2c _build/main.o
 .text.device_manager_init
                0x0001c994       0xf8 _build/main.o
 .text.advertising_init
                0x0001ca8c       0xd4 _build/main.o
 .text.power_manage
                0x0001cb60       0x2c _build/main.o
 .text.main     0x0001cb8c       0x8c _build/main.o
                0x0001cb8c                main
 .text.sd_ble_gap_adv_data_set
                0x0001cc18        0x8 _build/ble_advdata.o
 .text.sd_ble_gap_appearance_get
                0x0001cc20        0x8 _build/ble_advdata.o
 .text.sd_ble_gap_device_name_get
                0x0001cc28        0x8 _build/ble_advdata.o
 .text.sd_ble_uuid_encode
                0x0001cc30        0x8 _build/ble_advdata.o
 .text.uint16_encode
                0x0001cc38       0x34 _build/ble_advdata.o
 .text.name_encode
                0x0001cc6c      0x13c _build/ble_advdata.o
 .text.appearance_encode
                0x0001cda8       0x90 _build/ble_advdata.o
 .text.tx_power_level_encode
                0x0001ce38       0x70 _build/ble_advdata.o
 .text.uuid_list_sized_encode
                0x0001cea8      0x178 _build/ble_advdata.o
 .text.uuid_list_encode
                0x0001d020       0x78 _build/ble_advdata.o
 .text.conn_int_check
                0x0001d098       0x80 _build/ble_advdata.o
 .text.conn_int_encode
                0x0001d118       0xb4 _build/ble_advdata.o
 .text.manuf_specific_data_encode
                0x0001d1cc       0xd8 _build/ble_advdata.o
 .text.service_data_encode
                0x0001d2a4      0x10c _build/ble_advdata.o
 .text.adv_data_encode
                0x0001d3b0      0x1e4 _build/ble_advdata.o
 .text.advdata_check
                0x0001d594       0x24 _build/ble_advdata.o
 .text.srdata_check
                0x0001d5b8       0x20 _build/ble_advdata.o
 .text.ble_advdata_set
                0x0001d5d8       0xcc _build/ble_advdata.o
                0x0001d5d8                ble_advdata_set
 .text.sd_ble_gap_adv_start
                0x0001d6a4        0x8 _build/ble_advertising.o
 .text.whitelist_has_entries
                0x0001d6ac       0x28 _build/ble_advertising.o
 .text.ble_advertising_peer_address_clear
                0x0001d6d4       0x18 _build/ble_advertising.o
 .text.peer_address_exists
                0x0001d6ec       0x34 _build/ble_advertising.o
 .text.ble_advertising_init
                0x0001d720      0x224 _build/ble_advertising.o
                0x0001d720                ble_advertising_init
 .text.ble_advertising_start
                0x0001d944      0x2e8 _build/ble_advertising.o
                0x0001d944                ble_advertising_start
 .text.ble_advertising_on_ble_evt
                0x0001dc2c      0x164 _build/ble_advertising.o
                0x0001dc2c                ble_advertising_on_ble_evt
 .text.ble_advertising_on_sys_evt
                0x0001dd90       0x60 _build/ble_advertising.o
                0x0001dd90                ble_advertising_on_sys_evt
 .text.sd_ble_gatts_service_add
                0x0001ddf0        0x8 _build/ble_bas.o
 .text.sd_ble_gatts_characteristic_add
                0x0001ddf8        0x8 _build/ble_bas.o
 .text.sd_ble_gatts_descriptor_add
                0x0001de00        0x8 _build/ble_bas.o
 .text.sd_ble_gatts_value_set
                0x0001de08        0x8 _build/ble_bas.o
 .text.sd_ble_gatts_hvx
                0x0001de10        0x8 _build/ble_bas.o
 .text.uint16_decode
                0x0001de18       0x28 _build/ble_bas.o
 .text.ble_srv_is_notification_enabled
                0x0001de40       0x30 _build/ble_bas.o
 .text.on_connect
                0x0001de70       0x18 _build/ble_bas.o
 .text.on_disconnect
                0x0001de88       0x18 _build/ble_bas.o
 .text.on_write
                0x0001dea0       0x6c _build/ble_bas.o
 .text.ble_bas_on_ble_evt
                0x0001df0c       0x4c _build/ble_bas.o
                0x0001df0c                ble_bas_on_ble_evt
 .text.battery_level_char_add
                0x0001df58      0x2d0 _build/ble_bas.o
 .text.ble_bas_init
                0x0001e228       0x74 _build/ble_bas.o
                0x0001e228                ble_bas_init
 .text.ble_bas_battery_level_update
                0x0001e29c       0xec _build/ble_bas.o
                0x0001e29c                ble_bas_battery_level_update
 .text.sd_ble_gap_conn_param_update
                0x0001e388        0x8 _build/ble_conn_params.o
 .text.sd_ble_gap_disconnect
                0x0001e390        0x8 _build/ble_conn_params.o
 .text.sd_ble_gap_ppcp_set
                0x0001e398        0x8 _build/ble_conn_params.o
 .text.sd_ble_gap_ppcp_get
                0x0001e3a0        0x8 _build/ble_conn_params.o
 .text.uint16_decode
                0x0001e3a8       0x28 _build/ble_conn_params.o
 .text.ble_srv_is_notification_enabled
                0x0001e3d0       0x30 _build/ble_conn_params.o
 .text.is_conn_params_ok
                0x0001e400       0x34 _build/ble_conn_params.o
 .text.update_timeout_handler
                0x0001e434       0xc4 _build/ble_conn_params.o
 .text.ble_conn_params_init
                0x0001e4f8       0xac _build/ble_conn_params.o
                0x0001e4f8                ble_conn_params_init
 .text.conn_params_negotiation
                0x0001e5a4       0xbc _build/ble_conn_params.o
 .text.on_connect
                0x0001e660       0x4c _build/ble_conn_params.o
 .text.on_disconnect
                0x0001e6ac       0x54 _build/ble_conn_params.o
 .text.on_write
                0x0001e700       0x6c _build/ble_conn_params.o
 .text.on_conn_params_update
                0x0001e76c       0x28 _build/ble_conn_params.o
 .text.ble_conn_params_on_ble_evt
                0x0001e794       0x50 _build/ble_conn_params.o
                0x0001e794                ble_conn_params_on_ble_evt
 .text.uint16_encode
                0x0001e7e4       0x34 _build/ble_dis.o
 .text.sd_ble_gatts_service_add
                0x0001e818        0x8 _build/ble_dis.o
 .text.sd_ble_gatts_characteristic_add
                0x0001e820        0x8 _build/ble_dis.o
 .text.sys_id_encode
                0x0001e828      0x154 _build/ble_dis.o
 .text.pnp_id_encode
                0x0001e97c      0x100 _build/ble_dis.o
 .text.char_add
                0x0001ea7c      0x16c _build/ble_dis.o
 .text.ble_dis_init
                0x0001ebe8      0x26c _build/ble_dis.o
                0x0001ebe8                ble_dis_init
 .text.sd_ble_gatts_service_add
                0x0001ee54        0x8 _build/ble_hrs.o
 .text.sd_ble_gatts_characteristic_add
                0x0001ee5c        0x8 _build/ble_hrs.o
 .text.sd_ble_gatts_hvx
                0x0001ee64        0x8 _build/ble_hrs.o
 .text.uint16_encode
                0x0001ee6c       0x34 _build/ble_hrs.o
 .text.uint16_decode
                0x0001eea0       0x28 _build/ble_hrs.o
 .text.ble_srv_is_notification_enabled
                0x0001eec8       0x30 _build/ble_hrs.o
 .text.on_connect
                0x0001eef8       0x18 _build/ble_hrs.o
 .text.on_disconnect
                0x0001ef10       0x18 _build/ble_hrs.o
 .text.on_hrm_cccd_write
                0x0001ef28       0x50 _build/ble_hrs.o
 .text.on_write
                0x0001ef78       0x30 _build/ble_hrs.o
 .text.ble_hrs_on_ble_evt
                0x0001efa8       0x4c _build/ble_hrs.o
                0x0001efa8                ble_hrs_on_ble_evt
 .text.hrm_encode
                0x0001eff4      0x17c _build/ble_hrs.o
 .text.heart_rate_measurement_char_add
                0x0001f170      0x17c _build/ble_hrs.o
 .text.body_sensor_location_char_add
                0x0001f2ec      0x11c _build/ble_hrs.o
 .text.ble_hrs_init
                0x0001f408       0xac _build/ble_hrs.o
                0x0001f408                ble_hrs_init
 .text.ble_hrs_heart_rate_measurement_send
                0x0001f4b4       0xc4 _build/ble_hrs.o
                0x0001f4b4                ble_hrs_heart_rate_measurement_send
 .text.ble_hrs_rr_interval_add
                0x0001f578       0x60 _build/ble_hrs.o
                0x0001f578                ble_hrs_rr_interval_add
 .text.ble_hrs_sensor_contact_detected_update
                0x0001f5d8       0x20 _build/ble_hrs.o
                0x0001f5d8                ble_hrs_sensor_contact_detected_update
 .text.ble_srv_report_ref_encode
                0x0001f5f8       0x74 _build/ble_srv_common.o
                0x0001f5f8                ble_srv_report_ref_encode
 .text.ble_srv_ascii_to_utf8
                0x0001f66c       0x28 _build/ble_srv_common.o
                0x0001f66c                ble_srv_ascii_to_utf8
 .text.sd_ble_gap_sec_params_reply
                0x0001f694        0x8 _build/device_manager_peripheral.o
 .text.sd_ble_gap_sec_info_reply
                0x0001f69c        0x8 _build/device_manager_peripheral.o
 .text.sd_ble_gatts_service_changed
                0x0001f6a4        0x8 _build/device_manager_peripheral.o
 .text.sd_ble_gatts_sys_attr_set
                0x0001f6ac        0x8 _build/device_manager_peripheral.o
 .text.sd_ble_gatts_sys_attr_get
                0x0001f6b4        0x8 _build/device_manager_peripheral.o
 .text.update_status_bit_reset
                0x0001f6bc       0x28 _build/device_manager_peripheral.o
 .text.update_status_bit_is_set
                0x0001f6e4       0x2c _build/device_manager_peripheral.o
 .text.application_instance_init
                0x0001f710       0x4c _build/device_manager_peripheral.o
 .text.connection_instance_init
                0x0001f75c       0x68 _build/device_manager_peripheral.o
 .text.peer_instance_init
                0x0001f7c4       0x9c _build/device_manager_peripheral.o
 .text.connection_instance_find
                0x0001f860       0x90 _build/device_manager_peripheral.o
 .text.device_instance_allocate
                0x0001f8f0       0xdc _build/device_manager_peripheral.o
 .text.device_instance_free
                0x0001f9cc       0x54 _build/device_manager_peripheral.o
 .text.device_instance_find
                0x0001fa20       0x88 _build/device_manager_peripheral.o
 .text.app_evt_notify
                0x0001faa8       0x28 _build/device_manager_peripheral.o
 .text.connection_instance_allocate
                0x0001fad0       0x50 _build/device_manager_peripheral.o
 .text.connection_instance_free
                0x0001fb20       0x34 _build/device_manager_peripheral.o
 .text.storage_operation_dummy_handler
                0x0001fb54       0x20 _build/device_manager_peripheral.o
 .text.device_context_store
                0x0001fb74      0x15c _build/device_manager_peripheral.o
 .text.no_service_context_store
                0x0001fcd0       0x14 _build/device_manager_peripheral.o
 .text.gatts_context_store
                0x0001fce4      0x170 _build/device_manager_peripheral.o
 .text.gattc_context_store
                0x0001fe54       0x14 _build/device_manager_peripheral.o
 .text.gattsc_context_store
                0x0001fe68       0x3c _build/device_manager_peripheral.o
 .text.no_service_context_load
                0x0001fea4       0x14 _build/device_manager_peripheral.o
 .text.gatts_context_load
                0x0001feb8       0x70 _build/device_manager_peripheral.o
 .text.gattc_context_load
                0x0001ff28       0x14 _build/device_manager_peripheral.o
 .text.gattsc_context_load
                0x0001ff3c       0x3c _build/device_manager_peripheral.o
 .text.no_service_context_apply
                0x0001ff78       0x14 _build/device_manager_peripheral.o
 .text.gatts_context_apply
                0x0001ff8c      0x190 _build/device_manager_peripheral.o
 .text.gattc_context_apply
                0x0002011c       0x14 _build/device_manager_peripheral.o
 .text.gattsc_context_apply
                0x00020130       0x30 _build/device_manager_peripheral.o
 .text.dm_pstorage_cb_handler
                0x00020160      0x370 _build/device_manager_peripheral.o
 .text.dm_init  0x000204d0      0x16c _build/device_manager_peripheral.o
                0x000204d0                dm_init
 .text.dm_register
                0x0002063c       0xd4 _build/device_manager_peripheral.o
                0x0002063c                dm_register
 .text.dm_handle_initialize
                0x00020710       0x38 _build/device_manager_peripheral.o
                0x00020710                dm_handle_initialize
 .text.bond_data_load
                0x00020748       0x80 _build/device_manager_peripheral.o
                0x00020748                bond_data_load
 .text.dm_ble_evt_handler
                0x000207c8      0x904 _build/device_manager_peripheral.o
                0x000207c8                dm_ble_evt_handler
 .text.SystemInit
                0x000210cc       0x40 _build/system_nrf51.o
                0x000210cc                SystemInit
 .text.is_manual_peripheral_setup_needed
                0x0002110c       0x80 _build/system_nrf51.o
 .text.is_disabled_in_debug_needed
                0x0002118c       0x4c _build/system_nrf51.o
 .text.sd_nvic_EnableIRQ
                0x000211d8        0x8 _build/softdevice_handler.o
 .text.sd_evt_get
                0x000211e0        0x8 _build/softdevice_handler.o
 .text.sd_softdevice_enable
                0x000211e8        0x8 _build/softdevice_handler.o
 .text.is_word_aligned
                0x000211f0       0x1c _build/softdevice_handler.o
 .text.sd_ble_evt_get
                0x0002120c        0x8 _build/softdevice_handler.o
 .text.softdevice_assertion_handler
                0x00021214       0x28 _build/softdevice_handler.o
                0x00021214                softdevice_assertion_handler
 .text.intern_softdevice_events_execute
                0x0002123c      0x10c _build/softdevice_handler.o
                0x0002123c                intern_softdevice_events_execute
 .text.softdevice_handler_init
                0x00021348       0x8c _build/softdevice_handler.o
                0x00021348                softdevice_handler_init
 .text.softdevice_ble_evt_handler_set
                0x000213d4       0x28 _build/softdevice_handler.o
                0x000213d4                softdevice_ble_evt_handler_set
 .text.softdevice_sys_evt_handler_set
                0x000213fc       0x28 _build/softdevice_handler.o
                0x000213fc                softdevice_sys_evt_handler_set
 .text.SWI2_IRQHandler
                0x00021424       0x40 _build/softdevice_handler.o
                0x00021424                SWI2_IRQHandler
 .text          0x00021464       0x54 _build/gcc_startup_nrf51.o
                0x00021464                Reset_Handler
                0x000214ac                NMI_Handler
                0x000214ae                HardFault_Handler
                0x000214b0                SVC_Handler
                0x000214b2                PendSV_Handler
                0x000214b4                SysTick_Handler
                0x000214b6                RTC0_IRQHandler
                0x000214b6                POWER_CLOCK_IRQHandler
                0x000214b6                SPI0_TWI0_IRQHandler
                0x000214b6                LPCOMP_IRQHandler
                0x000214b6                SWI4_IRQHandler
                0x000214b6                TEMP_IRQHandler
                0x000214b6                QDEC_IRQHandler
                0x000214b6                SWI5_IRQHandler
                0x000214b6                TIMER0_IRQHandler
                0x000214b6                RADIO_IRQHandler
                0x000214b6                TIMER1_IRQHandler
                0x000214b6                ECB_IRQHandler
                0x000214b6                Default_Handler
                0x000214b6                ADC_IRQHandler
                0x000214b6                SWI3_IRQHandler
                0x000214b6                CCM_AAR_IRQHandler
                0x000214b6                WDT_IRQHandler
                0x000214b6                TIMER2_IRQHandler
                0x000214b6                RNG_IRQHandler
                0x000214b6                SPI1_TWI1_IRQHandler
                0x000214b6                SWI1_IRQHandler
 .text          0x000214b8      0x120 c:/program files (x86)/gnu tools arm embedded/4.9 2014q4/bin/../lib/gcc/arm-none-eabi/4.9.3/armv6-m\libgcc.a(_udivsi3.o)
                0x000214b8                __aeabi_uidiv
                0x000214b8                __udivsi3
                0x000215c4                __aeabi_uidivmod
 .text          0x000215d8        0x4 c:/program files (x86)/gnu tools arm embedded/4.9 2014q4/bin/../lib/gcc/arm-none-eabi/4.9.3/armv6-m\libgcc.a(_dvmd_tls.o)
                0x000215d8                __aeabi_idiv0
                0x000215d8                __aeabi_ldiv0
 .text.memcmp   0x000215dc       0x1e c:/program files (x86)/gnu tools arm embedded/4.9 2014q4/bin/../lib/gcc/arm-none-eabi/4.9.3/../../../../arm-none-eabi/lib/armv6-m\libc_nano.a(lib_a-memcmp.o)
                0x000215dc                memcmp
 .text.memcpy   0x000215fa       0x12 c:/program files (x86)/gnu tools arm embedded/4.9 2014q4/bin/../lib/gcc/arm-none-eabi/4.9.3/../../../../arm-none-eabi/lib/armv6-m\libc_nano.a(lib_a-memcpy.o)
                0x000215fa                memcpy
 .text.memmove  0x0002160c       0x28 c:/program files (x86)/gnu tools arm embedded/4.9 2014q4/bin/../lib/gcc/arm-none-eabi/4.9.3/../../../../arm-none-eabi/lib/armv6-m\libc_nano.a(lib_a-memmove.o)
                0x0002160c                memmove
 .text.strlen   0x00021634        0xe c:/program files (x86)/gnu tools arm embedded/4.9 2014q4/bin/../lib/gcc/arm-none-eabi/4.9.3/../../../../arm-none-eabi/lib/armv6-m\libc_nano.a(lib_a-strlen.o)
                0x00021634                strlen
 *(.init)
 *fill*         0x00021642        0x2 
 .init          0x00021644        0x4 c:/program files (x86)/gnu tools arm embedded/4.9 2014q4/bin/../lib/gcc/arm-none-eabi/4.9.3/armv6-m/crti.o
                0x00021644                _init
 .init          0x00021648        0x8 c:/program files (x86)/gnu tools arm embedded/4.9 2014q4/bin/../lib/gcc/arm-none-eabi/4.9.3/armv6-m/crtn.o
 *(.fini)
 .fini          0x00021650        0x4 c:/program files (x86)/gnu tools arm embedded/4.9 2014q4/bin/../lib/gcc/arm-none-eabi/4.9.3/armv6-m/crti.o
                0x00021650                _fini
 .fini          0x00021654        0x8 c:/program files (x86)/gnu tools arm embedded/4.9 2014q4/bin/../lib/gcc/arm-none-eabi/4.9.3/armv6-m/crtn.o
 *crtbegin.o(.ctors)
 *crtbegin?.o(.ctors)
 *(EXCLUDE_FILE(*crtend.o *crtend?.o) .ctors)
 *(SORT(.ctors.*))
 *(.ctors)
 *crtbegin.o(.dtors)
 *crtbegin?.o(.dtors)
 *(EXCLUDE_FILE(*crtend.o *crtend?.o) .dtors)
 *(SORT(.dtors.*))
 *(.dtors)
 *(.rodata*)
 .rodata.str1.1
                0x0002165c        0x2 c:/program files (x86)/gnu tools arm embedded/4.9 2014q4/bin/../lib/gcc/arm-none-eabi/4.9.3/../../../../arm-none-eabi/lib/armv6-m\libc_nano.a(lib_a-impure.o)
 *fill*         0x0002165e        0x2 
 .rodata._global_impure_ptr
                0x00021660        0x4 c:/program files (x86)/gnu tools arm embedded/4.9 2014q4/bin/../lib/gcc/arm-none-eabi/4.9.3/../../../../arm-none-eabi/lib/armv6-m\libc_nano.a(lib_a-impure.o)
                0x00021660                _global_impure_ptr
 .rodata.on_uart_event
                0x00021664       0x14 _build/app_uart_fifo.o
 .rodata.swap_state_process
                0x00021678       0x1c _build/pstorage.o
 .rodata.m_buttons_list
                0x00021694       0x10 _build/bsp.o
 .rodata.app_buttons
                0x000216a4       0x20 _build/bsp.o
 .rodata.bsp_led_indication
                0x000216c4       0x60 _build/bsp.o
 .rodata        0x00021724       0x20 _build/main.o
 .rodata.m_service_context_store
                0x00021744       0x10 _build/device_manager_peripheral.o
                0x00021744                m_service_context_store
 .rodata.m_service_context_load
                0x00021754       0x10 _build/device_manager_peripheral.o
                0x00021754                m_service_context_load
 .rodata.m_service_context_apply
                0x00021764       0x10 _build/device_manager_peripheral.o
                0x00021764                m_service_context_apply
 .rodata.m_context_init_len
                0x00021774        0x4 _build/device_manager_peripheral.o
                0x00021774                m_context_init_len
 .rodata.dm_ble_evt_handler
                0x00021778      0x10c _build/device_manager_peripheral.o
 *(.eh_frame*)

.glue_7         0x00021884        0x0
 .glue_7        0x00000000        0x0 linker stubs

.glue_7t        0x00021884        0x0
 .glue_7t       0x00000000        0x0 linker stubs

.vfp11_veneer   0x00021884        0x0
 .vfp11_veneer  0x00000000        0x0 linker stubs

.v4_bx          0x00021884        0x0
 .v4_bx         0x00000000        0x0 linker stubs

.iplt           0x00021884        0x0
 .iplt          0x00000000        0x0 c:/program files (x86)/gnu tools arm embedded/4.9 2014q4/bin/../lib/gcc/arm-none-eabi/4.9.3/armv6-m/crtbegin.o

.ARM.extab
 *(.ARM.extab* .gnu.linkonce.armextab.*)
                0x00021884                __exidx_start = .

.ARM.exidx      0x00021884        0x8
 *(.ARM.exidx* .gnu.linkonce.armexidx.*)
 .ARM.exidx     0x00021884        0x8 c:/program files (x86)/gnu tools arm embedded/4.9 2014q4/bin/../lib/gcc/arm-none-eabi/4.9.3/../../../../arm-none-eabi/lib/armv6-m/crt0.o
 .ARM.exidx     0x0002188c        0x0 _build/gcc_startup_nrf51.o
                                  0x8 (size before relaxing)
                0x0002188c                __exidx_end = .
                0x0002188c                __etext = .

.rel.dyn        0x0002188c        0x0
 .rel.iplt      0x00000000        0x0 c:/program files (x86)/gnu tools arm embedded/4.9 2014q4/bin/../lib/gcc/arm-none-eabi/4.9.3/armv6-m/crtbegin.o

.data           0x20002000       0x74 load address 0x0002188c
                0x20002000                __data_start__ = .
 *(vtable)
 *(.data*)
 .data.impure_data
                0x20002000       0x60 c:/program files (x86)/gnu tools arm embedded/4.9 2014q4/bin/../lib/gcc/arm-none-eabi/4.9.3/../../../../arm-none-eabi/lib/armv6-m\libc_nano.a(lib_a-impure.o)
 .data.m_conn_handle
                0x20002060        0x2 _build/main.o
 .data.m_rr_interval_enabled
                0x20002062        0x1 _build/main.o
 *fill*         0x20002063        0x1 
 .data.m_adv_uuids
                0x20002064        0xc _build/main.o
 .data.current_slave_link_conn_handle.7560
                0x20002070        0x2 _build/ble_advertising.o
                0x20002074                . = ALIGN (0x4)
 *fill*         0x20002072        0x2 
                0x20002074                PROVIDE (__preinit_array_start, .)
 *(.preinit_array)
                0x20002074                PROVIDE (__preinit_array_end, .)
                0x20002074                . = ALIGN (0x4)
                0x20002074                PROVIDE (__init_array_start, .)
 *(SORT(.init_array.*))
 *(.init_array)
                0x20002074                PROVIDE (__init_array_end, .)
                0x20002074                . = ALIGN (0x4)
                0x20002074                PROVIDE (__fini_array_start, .)
 *(SORT(.fini_array.*))
 *(.fini_array)
                0x20002074                PROVIDE (__fini_array_end, .)
 *(.jcr)
                0x20002074                . = ALIGN (0x4)
                0x20002074                __data_end__ = .

.igot.plt       0x20002074        0x0 load address 0x00021900
 .igot.plt      0x00000000        0x0 c:/program files (x86)/gnu tools arm embedded/4.9 2014q4/bin/../lib/gcc/arm-none-eabi/4.9.3/armv6-m/crtbegin.o

.bss            0x20002074      0x8d0 load address 0x00021900
                0x20002074                . = ALIGN (0x4)
                0x20002074                __bss_start__ = .
 *(.bss*)
 .bss.mp_buttons
                0x20002074        0x4 _build/app_button.o
 .bss.m_button_count
                0x20002078        0x1 _build/app_button.o
 *fill*         0x20002079        0x3 
 .bss.m_detection_delay
                0x2000207c        0x4 _build/app_button.o
 .bss.m_gpiote_user_id
                0x20002080        0x1 _build/app_button.o
 *fill*         0x20002081        0x3 
 .bss.m_detection_delay_timer_id
                0x20002084        0x4 _build/app_button.o
 .bss.m_pin_transition
                0x20002088        0x8 _build/app_button.o
 .bss.m_enabled_users_mask
                0x20002090        0x4 _build/app_gpiote.o
 .bss.m_user_array_size
                0x20002094        0x1 _build/app_gpiote.o
 .bss.m_user_count
                0x20002095        0x1 _build/app_gpiote.o
 *fill*         0x20002096        0x2 
 .bss.mp_users  0x20002098        0x4 _build/app_gpiote.o
 .bss.m_node_array_size
                0x2000209c        0x1 _build/app_timer.o
 *fill*         0x2000209d        0x3 
 .bss.mp_nodes  0x200020a0        0x4 _build/app_timer.o
 .bss.m_user_array_size
                0x200020a4        0x1 _build/app_timer.o
 *fill*         0x200020a5        0x3 
 .bss.mp_users  0x200020a8        0x4 _build/app_timer.o
 .bss.m_timer_id_head
                0x200020ac        0x4 _build/app_timer.o
 .bss.m_ticks_latest
                0x200020b0        0x4 _build/app_timer.o
 .bss.m_ticks_elapsed
                0x200020b4        0x8 _build/app_timer.o
 .bss.m_ticks_elapsed_q_read_ind
                0x200020bc        0x1 _build/app_timer.o
 .bss.m_ticks_elapsed_q_write_ind
                0x200020bd        0x1 _build/app_timer.o
 *fill*         0x200020be        0x2 
 .bss.m_evt_schedule_func
                0x200020c0        0x4 _build/app_timer.o
 .bss.m_rtc1_running
                0x200020c4        0x1 _build/app_timer.o
 .bss.m_rtc1_reset
                0x200020c5        0x1 _build/app_timer.o
 *fill*         0x200020c6        0x2 
 .bss.m_rx_fifo
                0x200020c8       0x10 _build/app_uart_fifo.o
 .bss.m_tx_fifo
                0x200020d8       0x10 _build/app_uart_fifo.o
 .bss.m_event_handler
                0x200020e8        0x4 _build/app_uart_fifo.o
 .bss.m_current_state
                0x200020ec        0x1 _build/app_uart_fifo.o
 *fill*         0x200020ed        0x3 
 .bss.m_cmd_queue
                0x200020f0       0xcc _build/pstorage.o
 .bss.m_next_app_instance
                0x200021bc        0x2 _build/pstorage.o
 *fill*         0x200021be        0x2 
 .bss.m_next_page_addr
                0x200021c0        0x4 _build/pstorage.o
 .bss.m_round_val
                0x200021c4        0x2 _build/pstorage.o
 .bss.m_module_initialized
                0x200021c6        0x1 _build/pstorage.o
 .bss.m_swap_state
                0x200021c7        0x1 _build/pstorage.o
 .bss.m_app_table
                0x200021c8       0x10 _build/pstorage.o
 .bss.m_stable_state
                0x200021d8        0x1 _build/bsp.o
 *fill*         0x200021d9        0x3 
 .bss.m_app_ticks_per_100ms
                0x200021dc        0x4 _build/bsp.o
 .bss.m_indication_type
                0x200021e0        0x4 _build/bsp.o
 .bss.m_leds_timer_id
                0x200021e4        0x4 _build/bsp.o
 .bss.m_alert_timer_id
                0x200021e8        0x4 _build/bsp.o
 .bss.m_registered_callback
                0x200021ec        0x4 _build/bsp.o
 .bss.m_events_list
                0x200021f0        0x4 _build/bsp.o
 .bss.m_bas     0x200021f4       0x18 _build/main.o
 .bss.m_hrs     0x2000220c       0x50 _build/main.o
 .bss.m_battery_sim_cfg
                0x2000225c       0x10 _build/main.o
 .bss.m_battery_sim_state
                0x2000226c        0x8 _build/main.o
 .bss.m_heart_rate_sim_cfg
                0x20002274       0x10 _build/main.o
 .bss.m_heart_rate_sim_state
                0x20002284        0x8 _build/main.o
 .bss.m_rr_interval_sim_cfg
                0x2000228c       0x10 _build/main.o
 .bss.m_rr_interval_sim_state
                0x2000229c        0x8 _build/main.o
 .bss.m_battery_timer_id
                0x200022a4        0x4 _build/main.o
 .bss.m_heart_rate_timer_id
                0x200022a8        0x4 _build/main.o
 .bss.m_rr_interval_timer_id
                0x200022ac        0x4 _build/main.o
 .bss.m_sensor_contact_timer_id
                0x200022b0        0x4 _build/main.o
 .bss.m_app_handle
                0x200022b4        0x1 _build/main.o
 *fill*         0x200022b5        0x3 
 .bss.cnt.8572  0x200022b8        0x4 _build/main.o
 .bss.sensor_contact_detected.8582
                0x200022bc        0x1 _build/main.o
 *fill*         0x200022bd        0x3 
 .bss.APP_TIMER_BUF.8587
                0x200022c0      0x308 _build/main.o
 .bss.BLE_EVT_BUFFER.8670
                0x200025c8       0x48 _build/main.o
 .bss.app_gpiote_buf.8710
                0x20002610       0x14 _build/main.o
 .bss.m_advertising_start_pending
                0x20002624        0x1 _build/ble_advertising.o
 *fill*         0x20002625        0x3 
 .bss.m_peer_address
                0x20002628        0x8 _build/ble_advertising.o
 .bss.m_advdata
                0x20002630       0x30 _build/ble_advertising.o
 .bss.m_adv_evt
                0x20002660        0x1 _build/ble_advertising.o
 *fill*         0x20002661        0x3 
 .bss.m_evt_handler
                0x20002664        0x4 _build/ble_advertising.o
 .bss.m_error_handler
                0x20002668        0x4 _build/ble_advertising.o
 .bss.m_adv_mode_current
                0x2000266c        0x1 _build/ble_advertising.o
 .bss.m_direct_adv_cnt
                0x2000266d        0x1 _build/ble_advertising.o
 .bss.m_whitelist_temporarily_disabled
                0x2000266e        0x1 _build/ble_advertising.o
 *fill*         0x2000266f        0x1 
 .bss.m_whitelist
                0x20002670       0x10 _build/ble_advertising.o
 .bss.mp_whitelist_addr
                0x20002680       0x20 _build/ble_advertising.o
 .bss.mp_whitelist_irk
                0x200026a0       0x20 _build/ble_advertising.o
 .bss.m_whitelist_reply_expected
                0x200026c0        0x1 _build/ble_advertising.o
 .bss.m_peer_addr_reply_expected
                0x200026c1        0x1 _build/ble_advertising.o
 *fill*         0x200026c2        0x2 
 .bss.m_adv_modes_config
                0x200026c4       0x20 _build/ble_advertising.o
 .bss.m_manuf_specific_data
                0x200026e4        0xc _build/ble_advertising.o
 .bss.m_manuf_data_array
                0x200026f0       0x20 _build/ble_advertising.o
 .bss.m_service_data
                0x20002710        0xc _build/ble_advertising.o
 .bss.m_service_data_array
                0x2000271c       0x20 _build/ble_advertising.o
 .bss.m_slave_conn_int
                0x2000273c        0x4 _build/ble_advertising.o
 .bss.m_tx_power_level
                0x20002740        0x1 _build/ble_advertising.o
 *fill*         0x20002741        0x3 
 .bss.m_conn_params_config
                0x20002744       0x1c _build/ble_conn_params.o
 .bss.m_preferred_conn_params
                0x20002760        0x8 _build/ble_conn_params.o
 .bss.m_update_count
                0x20002768        0x1 _build/ble_conn_params.o
 *fill*         0x20002769        0x1 
 .bss.m_conn_handle
                0x2000276a        0x2 _build/ble_conn_params.o
 .bss.m_current_conn_params
                0x2000276c        0x8 _build/ble_conn_params.o
 .bss.m_conn_params_timer_id
                0x20002774        0x4 _build/ble_conn_params.o
 .bss.m_change_param
                0x20002778        0x1 _build/ble_conn_params.o
 *fill*         0x20002779        0x1 
 .bss.service_handle
                0x2000277a        0x2 _build/ble_dis.o
 .bss.manufact_name_handles
                0x2000277c        0x8 _build/ble_dis.o
 .bss.model_num_handles
                0x20002784        0x8 _build/ble_dis.o
 .bss.serial_num_handles
                0x2000278c        0x8 _build/ble_dis.o
 .bss.hw_rev_handles
                0x20002794        0x8 _build/ble_dis.o
 .bss.fw_rev_handles
                0x2000279c        0x8 _build/ble_dis.o
 .bss.sw_rev_handles
                0x200027a4        0x8 _build/ble_dis.o
 .bss.sys_id_handles
                0x200027ac        0x8 _build/ble_dis.o
 .bss.reg_cert_data_list_handles
                0x200027b4        0x8 _build/ble_dis.o
 .bss.pnp_id_handles
                0x200027bc        0x8 _build/ble_dis.o
 .bss.m_app_context_table
                0x200027c4       0x1c _build/device_manager_peripheral.o
 .bss.m_peer_table
                0x200027e0       0xc4 _build/device_manager_peripheral.o
 .bss.m_bond_table
                0x200028a4       0x1c _build/device_manager_peripheral.o
 .bss.m_gatts_table
                0x200028c0       0x24 _build/device_manager_peripheral.o
 .bss.m_connection_table
                0x200028e4        0xc _build/device_manager_peripheral.o
 .bss.m_application_table
                0x200028f0        0xc _build/device_manager_peripheral.o
 .bss.m_storage_handle
                0x200028fc        0x8 _build/device_manager_peripheral.o
 .bss.m_peer_addr_update
                0x20002904        0x4 _build/device_manager_peripheral.o
 .bss.m_local_id_info
                0x20002908       0x18 _build/device_manager_peripheral.o
 .bss.m_module_initialized
                0x20002920        0x1 _build/device_manager_peripheral.o
 *fill*         0x20002921        0x3 
 .bss.m_irk_index_table
                0x20002924        0x8 _build/device_manager_peripheral.o
 .bss.m_evt_schedule_func
                0x2000292c        0x4 _build/softdevice_handler.o
 .bss.m_softdevice_enabled
                0x20002930        0x1 _build/softdevice_handler.o
 *fill*         0x20002931        0x3 
 .bss.mp_ble_evt_buffer
                0x20002934        0x4 _build/softdevice_handler.o
 .bss.m_ble_evt_buffer_size
                0x20002938        0x2 _build/softdevice_handler.o
 *fill*         0x2000293a        0x2 
 .bss.m_ble_evt_handler
                0x2000293c        0x4 _build/softdevice_handler.o
 .bss.m_sys_evt_handler
                0x20002940        0x4 _build/softdevice_handler.o
 *(COMMON)
                0x20002944                . = ALIGN (0x4)
                0x20002944                __bss_end__ = .

.heap           0x20002948      0x800
                0x20002948                __end__ = .
                0x20002948                end = __end__
 *(.heap*)
 .heap          0x20002948      0x800 _build/gcc_startup_nrf51.o
                0x20002948                __HeapBase
                0x20003148                __HeapLimit = .

.stack_dummy    0x20002948      0x800
 *(.stack*)
 .stack         0x20002948      0x800 _build/gcc_startup_nrf51.o
                0x20008000                __StackTop = (ORIGIN (RAM) + 0x6000)
                0x20007800                __StackLimit = (__StackTop - SIZEOF (.stack_dummy))
                0x20008000                PROVIDE (__stack, __StackTop)
                0x00000001                ASSERT ((__StackLimit >= __HeapLimit), region RAM overflowed with stack)
OUTPUT(_build/nrf51422_xxac_s110.out elf32-littlearm)

.ARM.attributes
                0x00000000       0x28
 .ARM.attributes
                0x00000000       0x1e c:/program files (x86)/gnu tools arm embedded/4.9 2014q4/bin/../lib/gcc/arm-none-eabi/4.9.3/armv6-m/crti.o
 .ARM.attributes
                0x0000001e       0x1b c:/program files (x86)/gnu tools arm embedded/4.9 2014q4/bin/../lib/gcc/arm-none-eabi/4.9.3/../../../../arm-none-eabi/lib/armv6-m/crt0.o
 .ARM.attributes
                0x00000039       0x2c c:/program files (x86)/gnu tools arm embedded/4.9 2014q4/bin/../lib/gcc/arm-none-eabi/4.9.3/../../../../arm-none-eabi/lib/armv6-m\libc_nano.a(lib_a-exit.o)
 .ARM.attributes
                0x00000065       0x2c c:/program files (x86)/gnu tools arm embedded/4.9 2014q4/bin/../lib/gcc/arm-none-eabi/4.9.3/../../../../arm-none-eabi/lib/armv6-m\libc_nano.a(lib_a-impure.o)
 .ARM.attributes
                0x00000091       0x2c c:/program files (x86)/gnu tools arm embedded/4.9 2014q4/bin/../lib/gcc/arm-none-eabi/4.9.3/../../../../arm-none-eabi/lib/armv6-m\libc_nano.a(lib_a-init.o)
 .ARM.attributes
                0x000000bd       0x2c c:/program files (x86)/gnu tools arm embedded/4.9 2014q4/bin/../lib/gcc/arm-none-eabi/4.9.3/../../../../arm-none-eabi/lib/armv6-m\libc_nano.a(lib_a-memset.o)
 .ARM.attributes
                0x000000e9       0x2c c:/program files (x86)/gnu tools arm embedded/4.9 2014q4/bin/../lib/gcc/arm-none-eabi/4.9.3/../../../../arm-none-eabi/lib/armv6-m\libnosys.a(_exit.o)
 .ARM.attributes
                0x00000115       0x31 _build/app_button.o
 .ARM.attributes
                0x00000146       0x31 _build/app_error.o
 .ARM.attributes
                0x00000177       0x31 _build/app_fifo.o
 .ARM.attributes
                0x000001a8       0x31 _build/app_gpiote.o
 .ARM.attributes
                0x000001d9       0x31 _build/app_timer.o
 .ARM.attributes
                0x0000020a       0x31 _build/sensorsim.o
 .ARM.attributes
                0x0000023b       0x31 _build/app_uart_fifo.o
 .ARM.attributes
                0x0000026c       0x31 _build/pstorage.o
 .ARM.attributes
                0x0000029d       0x31 _build/bsp.o
 .ARM.attributes
                0x000002ce       0x31 _build/main.o
 .ARM.attributes
                0x000002ff       0x31 _build/ble_advdata.o
 .ARM.attributes
                0x00000330       0x31 _build/ble_advertising.o
 .ARM.attributes
                0x00000361       0x31 _build/ble_bas.o
 .ARM.attributes
                0x00000392       0x31 _build/ble_conn_params.o
 .ARM.attributes
                0x000003c3       0x31 _build/ble_dis.o
 .ARM.attributes
                0x000003f4       0x31 _build/ble_hrs.o
 .ARM.attributes
                0x00000425       0x31 _build/ble_srv_common.o
 .ARM.attributes
                0x00000456       0x31 _build/device_manager_peripheral.o
 .ARM.attributes
                0x00000487       0x31 _build/system_nrf51.o
 .ARM.attributes
                0x000004b8       0x31 _build/softdevice_handler.o
 .ARM.attributes
                0x000004e9       0x1b _build/gcc_startup_nrf51.o
 .ARM.attributes
                0x00000504       0x1e c:/program files (x86)/gnu tools arm embedded/4.9 2014q4/bin/../lib/gcc/arm-none-eabi/4.9.3/armv6-m\libgcc.a(_udivsi3.o)
 .ARM.attributes
                0x00000522       0x1e c:/program files (x86)/gnu tools arm embedded/4.9 2014q4/bin/../lib/gcc/arm-none-eabi/4.9.3/armv6-m\libgcc.a(_dvmd_tls.o)
 .ARM.attributes
                0x00000540       0x2c c:/program files (x86)/gnu tools arm embedded/4.9 2014q4/bin/../lib/gcc/arm-none-eabi/4.9.3/../../../../arm-none-eabi/lib/armv6-m\libc_nano.a(lib_a-memcmp.o)
 .ARM.attributes
                0x0000056c       0x2c c:/program files (x86)/gnu tools arm embedded/4.9 2014q4/bin/../lib/gcc/arm-none-eabi/4.9.3/../../../../arm-none-eabi/lib/armv6-m\libc_nano.a(lib_a-memcpy.o)
 .ARM.attributes
                0x00000598       0x2c c:/program files (x86)/gnu tools arm embedded/4.9 2014q4/bin/../lib/gcc/arm-none-eabi/4.9.3/../../../../arm-none-eabi/lib/armv6-m\libc_nano.a(lib_a-memmove.o)
 .ARM.attributes
                0x000005c4       0x2c c:/program files (x86)/gnu tools arm embedded/4.9 2014q4/bin/../lib/gcc/arm-none-eabi/4.9.3/../../../../arm-none-eabi/lib/armv6-m\libc_nano.a(lib_a-strlen.o)
 .ARM.attributes
                0x000005f0       0x1e c:/program files (x86)/gnu tools arm embedded/4.9 2014q4/bin/../lib/gcc/arm-none-eabi/4.9.3/armv6-m/crtn.o

.comment        0x00000000       0x70
 .comment       0x00000000       0x70 _build/app_button.o
                                 0x71 (size before relaxing)
 .comment       0x00000000       0x71 _build/app_error.o
 .comment       0x00000000       0x71 _build/app_fifo.o
 .comment       0x00000000       0x71 _build/app_gpiote.o
 .comment       0x00000000       0x71 _build/app_timer.o
 .comment       0x00000000       0x71 _build/sensorsim.o
 .comment       0x00000000       0x71 _build/app_uart_fifo.o
 .comment       0x00000000       0x71 _build/pstorage.o
 .comment       0x00000000       0x71 _build/bsp.o
 .comment       0x00000000       0x71 _build/main.o
 .comment       0x00000000       0x71 _build/ble_advdata.o
 .comment       0x00000000       0x71 _build/ble_advertising.o
 .comment       0x00000000       0x71 _build/ble_bas.o
 .comment       0x00000000       0x71 _build/ble_conn_params.o
 .comment       0x00000000       0x71 _build/ble_dis.o
 .comment       0x00000000       0x71 _build/ble_hrs.o
 .comment       0x00000000       0x71 _build/ble_srv_common.o
 .comment       0x00000000       0x71 _build/device_manager_peripheral.o
 .comment       0x00000000       0x71 _build/system_nrf51.o
 .comment       0x00000000       0x71 _build/softdevice_handler.o

.debug_frame    0x00000000     0x5ee0
 .debug_frame   0x00000000       0x28 c:/program files (x86)/gnu tools arm embedded/4.9 2014q4/bin/../lib/gcc/arm-none-eabi/4.9.3/../../../../arm-none-eabi/lib/armv6-m\libc_nano.a(lib_a-exit.o)
 .debug_frame   0x00000028       0x2c c:/program files (x86)/gnu tools arm embedded/4.9 2014q4/bin/../lib/gcc/arm-none-eabi/4.9.3/../../../../arm-none-eabi/lib/armv6-m\libc_nano.a(lib_a-init.o)
 .debug_frame   0x00000054       0x20 c:/program files (x86)/gnu tools arm embedded/4.9 2014q4/bin/../lib/gcc/arm-none-eabi/4.9.3/../../../../arm-none-eabi/lib/armv6-m\libc_nano.a(lib_a-memset.o)
 .debug_frame   0x00000074       0x20 c:/program files (x86)/gnu tools arm embedded/4.9 2014q4/bin/../lib/gcc/arm-none-eabi/4.9.3/../../../../arm-none-eabi/lib/armv6-m\libnosys.a(_exit.o)
 .debug_frame   0x00000094      0x10c _build/app_button.o
 .debug_frame   0x000001a0       0x4c _build/app_error.o
 .debug_frame   0x000001ec       0xb0 _build/app_fifo.o
 .debug_frame   0x0000029c      0x4c4 _build/app_gpiote.o
 .debug_frame   0x00000760      0x84c _build/app_timer.o
 .debug_frame   0x00000fac       0x50 _build/sensorsim.o
 .debug_frame   0x00000ffc      0x684 _build/app_uart_fifo.o
 .debug_frame   0x00001680      0x5ac _build/pstorage.o
 .debug_frame   0x00001c2c      0x170 _build/bsp.o
 .debug_frame   0x00001d9c      0xa3c _build/main.o
 .debug_frame   0x000027d8      0x590 _build/ble_advdata.o
 .debug_frame   0x00002d68      0x83c _build/ble_advertising.o
 .debug_frame   0x000035a4      0x4f0 _build/ble_bas.o
 .debug_frame   0x00003a94      0x56c _build/ble_conn_params.o
 .debug_frame   0x00004000      0x344 _build/ble_dis.o
 .debug_frame   0x00004344      0x610 _build/ble_hrs.o
 .debug_frame   0x00004954      0x200 _build/ble_srv_common.o
 .debug_frame   0x00004b54      0xa10 _build/device_manager_peripheral.o
 .debug_frame   0x00005564       0x80 _build/system_nrf51.o
 .debug_frame   0x000055e4      0x840 _build/softdevice_handler.o
 .debug_frame   0x00005e24       0x20 c:/program files (x86)/gnu tools arm embedded/4.9 2014q4/bin/../lib/gcc/arm-none-eabi/4.9.3/armv6-m\libgcc.a(_udivsi3.o)
 .debug_frame   0x00005e44       0x2c c:/program files (x86)/gnu tools arm embedded/4.9 2014q4/bin/../lib/gcc/arm-none-eabi/4.9.3/../../../../arm-none-eabi/lib/armv6-m\libc_nano.a(lib_a-memcmp.o)
 .debug_frame   0x00005e70       0x28 c:/program files (x86)/gnu tools arm embedded/4.9 2014q4/bin/../lib/gcc/arm-none-eabi/4.9.3/../../../../arm-none-eabi/lib/armv6-m\libc_nano.a(lib_a-memcpy.o)
 .debug_frame   0x00005e98       0x28 c:/program files (x86)/gnu tools arm embedded/4.9 2014q4/bin/../lib/gcc/arm-none-eabi/4.9.3/../../../../arm-none-eabi/lib/armv6-m\libc_nano.a(lib_a-memmove.o)
 .debug_frame   0x00005ec0       0x20 c:/program files (x86)/gnu tools arm embedded/4.9 2014q4/bin/../lib/gcc/arm-none-eabi/4.9.3/../../../../arm-none-eabi/lib/armv6-m\libc_nano.a(lib_a-strlen.o)

.debug_info     0x00000000    0x26e16
 .debug_info    0x00000000      0x519 _build/app_button.o
 .debug_info    0x00000519      0x1d8 _build/app_error.o
 .debug_info    0x000006f1      0x21f _build/app_fifo.o
 .debug_info    0x00000910     0x1619 _build/app_gpiote.o
 .debug_info    0x00001f29     0x1fe7 _build/app_timer.o
 .debug_info    0x00003f10      0x172 _build/sensorsim.o
 .debug_info    0x00004082     0x1bb9 _build/app_uart_fifo.o
 .debug_info    0x00005c3b     0x1a0f _build/pstorage.o
 .debug_info    0x0000764a      0x81d _build/bsp.o
 .debug_info    0x00007e67     0x5011 _build/main.o
 .debug_info    0x0000ce78     0x2528 _build/ble_advdata.o
 .debug_info    0x0000f3a0     0x3fc9 _build/ble_advertising.o
 .debug_info    0x00013369     0x2fd4 _build/ble_bas.o
 .debug_info    0x0001633d     0x2fd5 _build/ble_conn_params.o
 .debug_info    0x00019312     0x1a7f _build/ble_dis.o
 .debug_info    0x0001ad91     0x3253 _build/ble_hrs.o
 .debug_info    0x0001dfe4      0xdc7 _build/ble_srv_common.o
 .debug_info    0x0001edab     0x433f _build/device_manager_peripheral.o
 .debug_info    0x000230ea      0x1b1 _build/system_nrf51.o
 .debug_info    0x0002329b     0x3b7b _build/softdevice_handler.o

.debug_abbrev   0x00000000     0x2fa7
 .debug_abbrev  0x00000000      0x198 _build/app_button.o
 .debug_abbrev  0x00000198       0xfa _build/app_error.o
 .debug_abbrev  0x00000292       0xf0 _build/app_fifo.o
 .debug_abbrev  0x00000382      0x2ba _build/app_gpiote.o
 .debug_abbrev  0x0000063c      0x3ae _build/app_timer.o
 .debug_abbrev  0x000009ea       0xb8 _build/sensorsim.o
 .debug_abbrev  0x00000aa2      0x345 _build/app_uart_fifo.o
 .debug_abbrev  0x00000de7      0x2a6 _build/pstorage.o
 .debug_abbrev  0x0000108d      0x220 _build/bsp.o
 .debug_abbrev  0x000012ad      0x334 _build/main.o
 .debug_abbrev  0x000015e1      0x272 _build/ble_advdata.o
 .debug_abbrev  0x00001853      0x2f2 _build/ble_advertising.o
 .debug_abbrev  0x00001b45      0x2e8 _build/ble_bas.o
 .debug_abbrev  0x00001e2d      0x31f _build/ble_conn_params.o
 .debug_abbrev  0x0000214c      0x247 _build/ble_dis.o
 .debug_abbrev  0x00002393      0x361 _build/ble_hrs.o
 .debug_abbrev  0x000026f4      0x1ae _build/ble_srv_common.o
 .debug_abbrev  0x000028a2      0x30f _build/device_manager_peripheral.o
 .debug_abbrev  0x00002bb1       0xf4 _build/system_nrf51.o
 .debug_abbrev  0x00002ca5      0x302 _build/softdevice_handler.o

.debug_aranges  0x00000000     0x2748
 .debug_aranges
                0x00000000       0x58 _build/app_button.o
 .debug_aranges
                0x00000058       0x28 _build/app_error.o
 .debug_aranges
                0x00000080       0x40 _build/app_fifo.o
 .debug_aranges
                0x000000c0      0x210 _build/app_gpiote.o
 .debug_aranges
                0x000002d0      0x2f8 _build/app_timer.o
 .debug_aranges
                0x000005c8       0x28 _build/sensorsim.o
 .debug_aranges
                0x000005f0      0x288 _build/app_uart_fifo.o
 .debug_aranges
                0x00000878      0x248 _build/pstorage.o
 .debug_aranges
                0x00000ac0       0x70 _build/bsp.o
 .debug_aranges
                0x00000b30      0x470 _build/main.o
 .debug_aranges
                0x00000fa0      0x268 _build/ble_advdata.o
 .debug_aranges
                0x00001208      0x3e0 _build/ble_advertising.o
 .debug_aranges
                0x000015e8      0x240 _build/ble_bas.o
 .debug_aranges
                0x00001828      0x260 _build/ble_conn_params.o
 .debug_aranges
                0x00001a88      0x188 _build/ble_dis.o
 .debug_aranges
                0x00001c10      0x288 _build/ble_hrs.o
 .debug_aranges
                0x00001e98      0x100 _build/ble_srv_common.o
 .debug_aranges
                0x00001f98      0x388 _build/device_manager_peripheral.o
 .debug_aranges
                0x00002320       0x38 _build/system_nrf51.o
 .debug_aranges
                0x00002358      0x3f0 _build/softdevice_handler.o

.debug_ranges   0x00000000     0x2650
 .debug_ranges  0x00000000       0x48 _build/app_button.o
 .debug_ranges  0x00000048       0x18 _build/app_error.o
 .debug_ranges  0x00000060       0x30 _build/app_fifo.o
 .debug_ranges  0x00000090      0x200 _build/app_gpiote.o
 .debug_ranges  0x00000290      0x2e8 _build/app_timer.o
 .debug_ranges  0x00000578       0x18 _build/sensorsim.o
 .debug_ranges  0x00000590      0x278 _build/app_uart_fifo.o
 .debug_ranges  0x00000808      0x268 _build/pstorage.o
 .debug_ranges  0x00000a70       0x60 _build/bsp.o
 .debug_ranges  0x00000ad0      0x460 _build/main.o
 .debug_ranges  0x00000f30      0x258 _build/ble_advdata.o
 .debug_ranges  0x00001188      0x3d0 _build/ble_advertising.o
 .debug_ranges  0x00001558      0x230 _build/ble_bas.o
 .debug_ranges  0x00001788      0x268 _build/ble_conn_params.o
 .debug_ranges  0x000019f0      0x178 _build/ble_dis.o
 .debug_ranges  0x00001b68      0x278 _build/ble_hrs.o
 .debug_ranges  0x00001de0       0xf0 _build/ble_srv_common.o
 .debug_ranges  0x00001ed0      0x378 _build/device_manager_peripheral.o
 .debug_ranges  0x00002248       0x28 _build/system_nrf51.o
 .debug_ranges  0x00002270      0x3e0 _build/softdevice_handler.o

.debug_macro    0x00000000     0xe396
 .debug_macro   0x00000000      0x212 _build/app_button.o
 .debug_macro   0x00000212      0x844 _build/app_button.o
 .debug_macro   0x00000a56       0x22 _build/app_button.o
 .debug_macro   0x00000a78       0x44 _build/app_button.o
 .debug_macro   0x00000abc       0x1c _build/app_button.o
 .debug_macro   0x00000ad8      0x1f7 _build/app_button.o
 .debug_macro   0x00000ccf       0x22 _build/app_button.o
 .debug_macro   0x00000cf1       0x22 _build/app_button.o
 .debug_macro   0x00000d13       0x3a _build/app_button.o
 .debug_macro   0x00000d4d       0x1f _build/app_button.o
 .debug_macro   0x00000d6c      0x242 _build/app_button.o
 .debug_macro   0x00000fae      0x1e0 _build/app_button.o
 .debug_macro   0x0000118e     0x77a2 _build/app_button.o
 .debug_macro   0x00008930      0x976 _build/app_button.o
 .debug_macro   0x000092a6       0x16 _build/app_button.o
 .debug_macro   0x000092bc       0x8e _build/app_button.o
 .debug_macro   0x0000934a       0x16 _build/app_button.o
 .debug_macro   0x00009360       0x1c _build/app_button.o
 .debug_macro   0x0000937c       0x58 _build/app_button.o
 .debug_macro   0x000093d4       0x35 _build/app_button.o
 .debug_macro   0x00009409       0x9c _build/app_button.o
 .debug_macro   0x000094a5      0x166 _build/app_button.o
 .debug_macro   0x0000960b       0x52 _build/app_button.o
 .debug_macro   0x0000965d       0x16 _build/app_button.o
 .debug_macro   0x00009673       0x43 _build/app_button.o
 .debug_macro   0x000096b6      0x180 _build/app_button.o
 .debug_macro   0x00009836      0x29d _build/app_button.o
 .debug_macro   0x00009ad3       0x10 _build/app_button.o
 .debug_macro   0x00009ae3       0x35 _build/app_button.o
 .debug_macro   0x00009b18       0xf4 _build/app_button.o
 .debug_macro   0x00009c0c       0x22 _build/app_button.o
 .debug_macro   0x00009c2e       0x22 _build/app_button.o
 .debug_macro   0x00009c50       0x1c _build/app_button.o
 .debug_macro   0x00009c6c       0x10 _build/app_button.o
 .debug_macro   0x00009c7c       0x10 _build/app_button.o
 .debug_macro   0x00009c8c       0x22 _build/app_button.o
 .debug_macro   0x00009cae       0xbd _build/app_button.o
 .debug_macro   0x00009d6b       0x16 _build/app_button.o
 .debug_macro   0x00009d81      0x16d _build/app_button.o
 .debug_macro   0x00009eee       0x3b _build/app_button.o
 .debug_macro   0x00009f29       0xd8 _build/app_error.o
 .debug_macro   0x0000a001      0x131 _build/app_fifo.o
 .debug_macro   0x0000a132       0x16 _build/app_fifo.o
 .debug_macro   0x0000a148      0x10e _build/app_fifo.o
 .debug_macro   0x0000a256       0x7f _build/app_fifo.o
 .debug_macro   0x0000a2d5       0x16 _build/app_fifo.o
 .debug_macro   0x0000a2eb       0x29 _build/app_fifo.o
 .debug_macro   0x0000a314       0x22 _build/app_fifo.o
 .debug_macro   0x0000a336      0x219 _build/app_gpiote.o
 .debug_macro   0x0000a54f       0x1c _build/app_gpiote.o
 .debug_macro   0x0000a56b       0x10 _build/app_gpiote.o
 .debug_macro   0x0000a57b       0x40 _build/app_gpiote.o
 .debug_macro   0x0000a5bb       0x64 _build/app_gpiote.o
 .debug_macro   0x0000a61f       0x22 _build/app_gpiote.o
 .debug_macro   0x0000a641      0x288 _build/app_timer.o
 .debug_macro   0x0000a8c9       0x16 _build/app_timer.o
 .debug_macro   0x0000a8df       0x97 _build/app_timer.o
 .debug_macro   0x0000a976       0xef _build/app_timer.o
 .debug_macro   0x0000aa65       0x5e _build/sensorsim.o
 .debug_macro   0x0000aac3      0x208 _build/app_uart_fifo.o
 .debug_macro   0x0000accb       0x28 _build/app_uart_fifo.o
 .debug_macro   0x0000acf3      0x25f _build/pstorage.o
 .debug_macro   0x0000af52       0x40 _build/pstorage.o
 .debug_macro   0x0000af92       0x22 _build/pstorage.o
 .debug_macro   0x0000afb4      0x27a _build/bsp.o
 .debug_macro   0x0000b22e      0x1c0 _build/bsp.o
 .debug_macro   0x0000b3ee       0x22 _build/bsp.o
 .debug_macro   0x0000b410       0x52 _build/bsp.o
 .debug_macro   0x0000b462       0x1c _build/bsp.o
 .debug_macro   0x0000b47e       0x22 _build/bsp.o
 .debug_macro   0x0000b4a0      0x4e3 _build/main.o
 .debug_macro   0x0000b983       0xd6 _build/main.o
 .debug_macro   0x0000ba59      0x1f7 _build/main.o
 .debug_macro   0x0000bc50      0x375 _build/main.o
 .debug_macro   0x0000bfc5       0x3a _build/main.o
 .debug_macro   0x0000bfff       0x22 _build/main.o
 .debug_macro   0x0000c021      0x1f0 _build/main.o
 .debug_macro   0x0000c211       0x16 _build/main.o
 .debug_macro   0x0000c227       0xd9 _build/main.o
 .debug_macro   0x0000c300       0x1c _build/main.o
 .debug_macro   0x0000c31c       0xa6 _build/main.o
 .debug_macro   0x0000c3c2      0x243 _build/main.o
 .debug_macro   0x0000c605       0x34 _build/main.o
 .debug_macro   0x0000c639       0x3a _build/main.o
 .debug_macro   0x0000c673       0x16 _build/main.o
 .debug_macro   0x0000c689       0x46 _build/main.o
 .debug_macro   0x0000c6cf       0x1c _build/main.o
 .debug_macro   0x0000c6eb       0x34 _build/main.o
 .debug_macro   0x0000c71f       0x16 _build/main.o
 .debug_macro   0x0000c735       0x10 _build/main.o
 .debug_macro   0x0000c745       0x16 _build/main.o
 .debug_macro   0x0000c75b       0x22 _build/main.o
 .debug_macro   0x0000c77d       0x5e _build/main.o
 .debug_macro   0x0000c7db       0x28 _build/main.o
 .debug_macro   0x0000c803       0x98 _build/main.o
 .debug_macro   0x0000c89b       0x46 _build/main.o
 .debug_macro   0x0000c8e1       0x1c _build/main.o
 .debug_macro   0x0000c8fd      0x1cd _build/ble_advdata.o
 .debug_macro   0x0000caca      0x2b0 _build/ble_advertising.o
 .debug_macro   0x0000cd7a       0x16 _build/ble_advertising.o
 .debug_macro   0x0000cd90      0x1c3 _build/ble_bas.o
 .debug_macro   0x0000cf53      0x249 _build/ble_conn_params.o
 .debug_macro   0x0000d19c      0x203 _build/ble_dis.o
 .debug_macro   0x0000d39f       0x10 _build/ble_dis.o
 .debug_macro   0x0000d3af       0xd3 _build/ble_dis.o
 .debug_macro   0x0000d482      0x1fc _build/ble_hrs.o
 .debug_macro   0x0000d67e       0x34 _build/ble_hrs.o
 .debug_macro   0x0000d6b2      0x17b _build/ble_srv_common.o
 .debug_macro   0x0000d82d      0x42f _build/device_manager_peripheral.o
 .debug_macro   0x0000dc5c       0x58 _build/device_manager_peripheral.o
 .debug_macro   0x0000dcb4       0xbd _build/system_nrf51.o
 .debug_macro   0x0000dd71      0x24a _build/softdevice_handler.o
 .debug_macro   0x0000dfbb      0x37b _build/softdevice_handler.o
 .debug_macro   0x0000e336       0x40 _build/softdevice_handler.o
 .debug_macro   0x0000e376       0x10 _build/softdevice_handler.o
 .debug_macro   0x0000e386       0x10 _build/softdevice_handler.o

.debug_line     0x00000000     0xce15
 .debug_line    0x00000000      0x646 _build/app_button.o
 .debug_line    0x00000646      0x3bb _build/app_error.o
 .debug_line    0x00000a01      0x3c6 _build/app_fifo.o
 .debug_line    0x00000dc7      0xa33 _build/app_gpiote.o
 .debug_line    0x000017fa      0xdff _build/app_timer.o
 .debug_line    0x000025f9      0x245 _build/sensorsim.o
 .debug_line    0x0000283e      0xbdd _build/app_uart_fifo.o
 .debug_line    0x0000341b      0xd95 _build/pstorage.o
 .debug_line    0x000041b0      0x76b _build/bsp.o
 .debug_line    0x0000491b     0x15c5 _build/main.o
 .debug_line    0x00005ee0      0xa82 _build/ble_advdata.o
 .debug_line    0x00006962     0x108e _build/ble_advertising.o
 .debug_line    0x000079f0      0xa07 _build/ble_bas.o
 .debug_line    0x000083f7      0xa6e _build/ble_conn_params.o
 .debug_line    0x00008e65      0x851 _build/ble_dis.o
 .debug_line    0x000096b6      0xa83 _build/ble_hrs.o
 .debug_line    0x0000a139      0x5c4 _build/ble_srv_common.o
 .debug_line    0x0000a6fd     0x1544 _build/device_manager_peripheral.o
 .debug_line    0x0000bc41      0x36b _build/system_nrf51.o
 .debug_line    0x0000bfac      0xe69 _build/softdevice_handler.o

.debug_str      0x00000000    0x4485d
 .debug_str     0x00000000    0x33c85 _build/app_button.o
                              0x33ee4 (size before relaxing)
 .debug_str     0x00033c85       0xa1 _build/app_error.o
                              0x305f4 (size before relaxing)
 .debug_str     0x00033d26      0x1d5 _build/app_fifo.o
                               0x4ca0 (size before relaxing)
 .debug_str     0x00033efb     0x1a4e _build/app_gpiote.o
                              0x34632 (size before relaxing)
 .debug_str     0x00035949      0x90f _build/app_timer.o
                              0x35a70 (size before relaxing)
 .debug_str     0x00036258       0xc1 _build/sensorsim.o
                               0x3048 (size before relaxing)
 .debug_str     0x00036319      0x9f2 _build/app_uart_fifo.o
                              0x3401c (size before relaxing)
 .debug_str     0x00036d0b      0xea3 _build/pstorage.o
                              0x34ea9 (size before relaxing)
 .debug_str     0x00037bae     0x1521 _build/bsp.o
                              0x35224 (size before relaxing)
 .debug_str     0x000390cf     0x9205 _build/main.o
                              0x3f907 (size before relaxing)
 .debug_str     0x000422d4      0x287 _build/ble_advdata.o
                               0xc0f2 (size before relaxing)
 .debug_str     0x0004255b      0x379 _build/ble_advertising.o
                              0x3af9c (size before relaxing)
 .debug_str     0x000428d4      0x20a _build/ble_bas.o
                               0xca33 (size before relaxing)
 .debug_str     0x00042ade      0x17c _build/ble_conn_params.o
                               0xdfc3 (size before relaxing)
 .debug_str     0x00042c5a      0x198 _build/ble_dis.o
                               0xbaa7 (size before relaxing)
 .debug_str     0x00042df2      0x324 _build/ble_hrs.o
                               0xcdc7 (size before relaxing)
 .debug_str     0x00043116       0x78 _build/ble_srv_common.o
                               0xa8ed (size before relaxing)
 .debug_str     0x0004318e     0x13f4 _build/device_manager_peripheral.o
                              0x3b768 (size before relaxing)
 .debug_str     0x00044582      0x10e _build/system_nrf51.o
                              0x2fe04 (size before relaxing)
 .debug_str     0x00044690      0x1cd _build/softdevice_handler.o
                              0x36076 (size before relaxing)
